[     704ms] [LOG] To toggle kiosk mode, use "ctrl+/" @ https://search-test.asf.alaska.edu/main-Q2BMN7SI.js:1102
[     953ms] [ERROR] Failed to load resource: the server responded with a status of 401 () @ https://hyp3-api.asf.alaska.edu/user:0
[     971ms] [ERROR] Failed to load resource: the server responded with a status of 500 () @ https://appdata-test.asf.alaska.edu/info/cookie:0
[    1087ms] [ERROR] Failed to load resource: the server responded with a status of 500 () @ https://appdata-test.asf.alaska.edu/info/cookie:0
[    1210ms] [ERROR] Failed to load resource: the server responded with a status of 500 () @ https://appdata-test.asf.alaska.edu/info/cookie:0
[    1323ms] [ERROR] Failed to load resource: the server responded with a status of 500 () @ https://appdata-test.asf.alaska.edu/info/cookie:0
[    1323ms] [ERROR] Failed to get user info @ https://search-test.asf.alaska.edu/main-Q2BMN7SI.js:206
[    1388ms] [ERROR] Failed to load resource: the server responded with a status of 404 () @ https://d3g9emy65n853h.cloudfront.net/main/asc/vel/3/2/4.png:0
[    1402ms] [ERROR] Failed to load resource: the server responded with a status of 404 () @ https://d3g9emy65n853h.cloudfront.net/main/asc/vel/3/3/4.png:0
[    1478ms] [ERROR] Failed to load resource: the server responded with a status of 404 () @ https://d3g9emy65n853h.cloudfront.net/main/asc/vel/3/4/3.png:0
[    1524ms] [ERROR] Failed to load resource: the server responded with a status of 404 () @ https://d3g9emy65n853h.cloudfront.net/main/asc/vel/3/4/4.png:0
[    1608ms] [ERROR] Failed to load resource: the server responded with a status of 404 () @ https://d3g9emy65n853h.cloudfront.net/main/asc/vel/3/1/4.png:0
[    1609ms] [ERROR] Failed to load resource: the server responded with a status of 404 () @ https://d3g9emy65n853h.cloudfront.net/main/asc/vel/3/7/3.png:0
[    1616ms] [ERROR] Failed to load resource: the server responded with a status of 404 () @ https://d3g9emy65n853h.cloudfront.net/main/asc/vel/3/3/3.png:0
[    1633ms] [ERROR] Failed to load resource: the server responded with a status of 404 () @ https://d3g9emy65n853h.cloudfront.net/main/asc/vel/3/4/2.png:0
[    1642ms] [ERROR] Failed to load resource: the server responded with a status of 404 () @ https://d3g9emy65n853h.cloudfront.net/main/asc/vel/3/2/1.png:0
[    1646ms] [ERROR] Failed to load resource: the server responded with a status of 404 () @ https://d3g9emy65n853h.cloudfront.net/main/asc/vel/3/3/2.png:0
[    1693ms] [ERROR] Failed to load resource: the server responded with a status of 404 () @ https://d3g9emy65n853h.cloudfront.net/main/asc/vel/3/7/4.png:0
[    1713ms] [ERROR] Failed to load resource: the server responded with a status of 404 () @ https://d3g9emy65n853h.cloudfront.net/main/asc/vel/3/4/1.png:0
[    1719ms] [ERROR] Failed to load resource: the server responded with a status of 404 () @ https://d3g9emy65n853h.cloudfront.net/main/asc/vel/3/3/1.png:0
[    1743ms] [ERROR] Failed to load resource: the server responded with a status of 404 () @ https://d3g9emy65n853h.cloudfront.net/main/asc/vel/3/1/1.png:0
[    1756ms] [ERROR] Failed to load resource: the server responded with a status of 404 () @ https://d3g9emy65n853h.cloudfront.net/main/asc/vel/3/7/1.png:0
