[     794ms] [LOG] To toggle kiosk mode, use "ctrl+/" @ https://search-test.asf.alaska.edu/main-Q2BMN7SI.js:1102
[    1143ms] [ERROR] Failed to load resource: the server responded with a status of 401 () @ https://hyp3-api.asf.alaska.edu/user:0
[    2211ms] [ERROR] Failed to load resource: the server responded with a status of 500 () @ https://appdata-test.asf.alaska.edu/info/cookie:0
[    2737ms] [ERROR] Failed to load resource: the server responded with a status of 500 () @ https://appdata-test.asf.alaska.edu/info/cookie:0
[    2852ms] [ERROR] Failed to load resource: the server responded with a status of 500 () @ https://appdata-test.asf.alaska.edu/info/cookie:0
[    2895ms] [ERROR] Failed to load resource: the server responded with a status of 404 () @ https://d3g9emy65n853h.cloudfront.net/main/asc/vel/3/1/4.png:0
[    2966ms] [ERROR] Failed to load resource: the server responded with a status of 500 () @ https://appdata-test.asf.alaska.edu/info/cookie:0
[    2966ms] [ERROR] Failed to get user info @ https://search-test.asf.alaska.edu/main-Q2BMN7SI.js:206
[    2967ms] [ERROR] Failed to load resource: the server responded with a status of 404 () @ https://d3g9emy65n853h.cloudfront.net/main/asc/vel/3/1/1.png:0
[    2985ms] [ERROR] Failed to load resource: the server responded with a status of 404 () @ https://d3g9emy65n853h.cloudfront.net/main/asc/vel/3/3/2.png:0
[    3066ms] [ERROR] Failed to load resource: the server responded with a status of 404 () @ https://d3g9emy65n853h.cloudfront.net/main/asc/vel/3/7/3.png:0
[    3119ms] [ERROR] Failed to load resource: the server responded with a status of 404 () @ https://d3g9emy65n853h.cloudfront.net/main/asc/vel/3/4/2.png:0
[    3128ms] [ERROR] Failed to load resource: the server responded with a status of 404 () @ https://d3g9emy65n853h.cloudfront.net/main/asc/vel/3/4/3.png:0
[    3138ms] [ERROR] Failed to load resource: the server responded with a status of 404 () @ https://d3g9emy65n853h.cloudfront.net/main/asc/vel/3/7/1.png:0
[    3164ms] [ERROR] Failed to load resource: the server responded with a status of 404 () @ https://d3g9emy65n853h.cloudfront.net/main/asc/vel/3/7/4.png:0
[    3182ms] [ERROR] Failed to load resource: the server responded with a status of 404 () @ https://d3g9emy65n853h.cloudfront.net/main/asc/vel/3/3/3.png:0
[    3188ms] [ERROR] Failed to load resource: the server responded with a status of 404 () @ https://d3g9emy65n853h.cloudfront.net/main/asc/vel/3/2/1.png:0
[    3205ms] [ERROR] Failed to load resource: the server responded with a status of 404 () @ https://d3g9emy65n853h.cloudfront.net/main/asc/vel/3/3/4.png:0
[    3243ms] [ERROR] Failed to load resource: the server responded with a status of 404 () @ https://d3g9emy65n853h.cloudfront.net/main/asc/vel/3/4/4.png:0
[    3253ms] [ERROR] Failed to load resource: the server responded with a status of 404 () @ https://d3g9emy65n853h.cloudfront.net/main/asc/vel/3/4/1.png:0
[    3328ms] [ERROR] Failed to load resource: the server responded with a status of 404 () @ https://d3g9emy65n853h.cloudfront.net/main/asc/vel/3/2/4.png:0
[    3390ms] [ERROR] Failed to load resource: the server responded with a status of 404 () @ https://d3g9emy65n853h.cloudfront.net/main/asc/vel/3/3/1.png:0
[   13774ms] [ERROR] Failed to load resource: the server responded with a status of 404 () @ https://d3g9emy65n853h.cloudfront.net/main/asc/vel/3/1/5.png:0
[   13776ms] [ERROR] Failed to load resource: the server responded with a status of 404 () @ https://d3g9emy65n853h.cloudfront.net/main/asc/vel/3/2/0.png:0
[   13777ms] [ERROR] Failed to load resource: the server responded with a status of 404 () @ https://d3g9emy65n853h.cloudfront.net/main/asc/vel/3/2/5.png:0
[   13778ms] [ERROR] Failed to load resource: the server responded with a status of 404 () @ https://d3g9emy65n853h.cloudfront.net/main/asc/vel/3/0/5.png:0
[   13778ms] [ERROR] Failed to load resource: the server responded with a status of 404 () @ https://d3g9emy65n853h.cloudfront.net/main/asc/vel/3/6/3.png:0
[   13787ms] [ERROR] Failed to load resource: the server responded with a status of 404 () @ https://d3g9emy65n853h.cloudfront.net/main/asc/vel/3/6/2.png:0
[   13789ms] [ERROR] Failed to load resource: the server responded with a status of 404 () @ https://d3g9emy65n853h.cloudfront.net/main/asc/vel/3/3/5.png:0
[   13796ms] [ERROR] Failed to load resource: the server responded with a status of 404 () @ https://d3g9emy65n853h.cloudfront.net/main/asc/vel/3/4/0.png:0
[   13798ms] [ERROR] Failed to load resource: the server responded with a status of 404 () @ https://d3g9emy65n853h.cloudfront.net/main/asc/vel/3/1/0.png:0
[   13813ms] [ERROR] Failed to load resource: the server responded with a status of 404 () @ https://d3g9emy65n853h.cloudfront.net/main/asc/vel/3/7/0.png:0
[   13825ms] [ERROR] Failed to load resource: the server responded with a status of 404 () @ https://d3g9emy65n853h.cloudfront.net/main/asc/vel/3/0/0.png:0
[   13848ms] [ERROR] Failed to load resource: the server responded with a status of 404 () @ https://d3g9emy65n853h.cloudfront.net/main/asc/vel/3/7/5.png:0
[   13849ms] [ERROR] Failed to load resource: the server responded with a status of 404 () @ https://d3g9emy65n853h.cloudfront.net/main/asc/vel/3/6/1.png:0
[   13859ms] [ERROR] Failed to load resource: the server responded with a status of 404 () @ https://d3g9emy65n853h.cloudfront.net/main/asc/vel/3/4/5.png:0
[   13871ms] [ERROR] Failed to load resource: the server responded with a status of 404 () @ https://d3g9emy65n853h.cloudfront.net/main/asc/vel/3/3/0.png:0
[   13932ms] [ERROR] Failed to load resource: the server responded with a status of 404 () @ https://d3g9emy65n853h.cloudfront.net/main/asc/vel/3/6/5.png:0
[   13934ms] [ERROR] Failed to load resource: the server responded with a status of 404 () @ https://d3g9emy65n853h.cloudfront.net/main/asc/vel/3/6/0.png:0
[   13943ms] [ERROR] Failed to load resource: the server responded with a status of 404 () @ https://d3g9emy65n853h.cloudfront.net/main/asc/vel/3/5/1.png:0
[   13943ms] [ERROR] Failed to load resource: the server responded with a status of 404 () @ https://d3g9emy65n853h.cloudfront.net/main/asc/vel/3/5/3.png:0
[   13945ms] [ERROR] Failed to load resource: the server responded with a status of 404 () @ https://d3g9emy65n853h.cloudfront.net/main/asc/vel/3/5/5.png:0
[   13953ms] [ERROR] Failed to load resource: the server responded with a status of 404 () @ https://d3g9emy65n853h.cloudfront.net/main/asc/vel/3/5/2.png:0
[   13966ms] [ERROR] Failed to load resource: the server responded with a status of 404 () @ https://d3g9emy65n853h.cloudfront.net/main/asc/vel/3/5/4.png:0
[   13967ms] [ERROR] Failed to load resource: the server responded with a status of 404 () @ https://d3g9emy65n853h.cloudfront.net/main/asc/vel/3/6/4.png:0
[   13976ms] [ERROR] Failed to load resource: the server responded with a status of 404 () @ https://d3g9emy65n853h.cloudfront.net/main/asc/vel/3/5/0.png:0
[   20619ms] [ERROR] Failed to load resource: the server responded with a status of 400 () @ https://d8itg4twhevb5.cloudfront.net/timeseries:0
[   20630ms] [ERROR] ERROR TypeError: Cannot convert undefined or null to object
    at Object.keys (<anonymous>)
    at Object.next (https://search-test.asf.alaska.edu/main-Q2BMN7SI.js:1103:10569)
    at _U.next (https://search-test.asf.alaska.edu/main-Q2BMN7SI.js:22:3125)
    at of._next (https://search-test.asf.alaska.edu/main-Q2BMN7SI.js:22:2806)
    at of.next (https://search-test.asf.alaska.edu/main-Q2BMN7SI.js:22:2531)
    at https://search-test.asf.alaska.edu/main-Q2BMN7SI.js:22:25210
    at ow._next (https://search-test.asf.alaska.edu/main-Q2BMN7SI.js:22:5452)
    at ow.next (https://search-test.asf.alaska.edu/main-Q2BMN7SI.js:22:2531)
    at https://search-test.asf.alaska.edu/main-Q2BMN7SI.js:22:24632
    at ow._next (https://search-test.asf.alaska.edu/main-Q2BMN7SI.js:22:5452) @ https://search-test.asf.alaska.edu/main-Q2BMN7SI.js:22
